# Golden resolved image references for deploy/docker (defaults only, no env).
# Regenerate with:  python3 .github/scripts/compose_image_golden.py --update
# A diff in this file means a registry, image name, or default tag changed.
deploy/docker/industry-profiles/smartcities/compose.yml nvcr.io/nvidia/vss-core/calibration:${CALIBRATION_TOOLKIT_IMAGE_TAG}
deploy/docker/industry-profiles/smartcities/compose.yml nvcr.io/nvstaging/vss-core/vss-video-analytics-ui:${VIDEO_ANALYTICS_UI_IMAGE_TAG}
deploy/docker/industry-profiles/warehouse-operations/warehouse-3d-app/warehouse-3d-app.yml ghcr.io/nvidia-ai-blueprints/vss/vss-rt-config-adaptor:develop-latest
deploy/docker/industry-profiles/warehouse-operations/warehouse-mv3dt-app/warehouse-mv3dt-app.yml ghcr.io/nvidia-ai-blueprints/vss/vss-rt-cv-mv3dt-bev-fusion:develop-latest
deploy/docker/industry-profiles/warehouse-operations/warehouse-mv3dt-app/warehouse-mv3dt-app.yml ghcr.io/nvidia-ai-blueprints/vss/vss-rt-cv:develop-latest
deploy/docker/industry-profiles/warehouse-operations/warehouse-mv3dt-app/warehouse-mv3dt-app.yml milvusdb/milvus:v2.5.12
deploy/docker/industry-profiles/warehouse-operations/warehouse-mv3dt-app/warehouse-mv3dt-app.yml nvcr.io/nvstaging/vss-core/reid-embed:3.3.0-26.08.2
deploy/docker/industry-profiles/warehouse-operations/warehouse-mv3dt-app/warehouse-mv3dt-app.yml nvcr.io/nvstaging/vss-core/reid-embed:3.3.0-26.08.2
deploy/docker/industry-profiles/warehouse-operations/warehouse-mv3dt-app/warehouse-mv3dt-app.yml quay.io/coreos/etcd:v3.5.18
deploy/docker/industry-profiles/warehouse-operations/warehouse-mv3dt-app/warehouse-mv3dt-app.yml quay.io/minio/minio:RELEASE.2023-03-20T20-16-18Z
deploy/docker/services/agent/compose.yml ghcr.io/nvidia-ai-blueprints/vss/vss-agent:develop-latest
deploy/docker/services/agent/compose.yml ghcr.io/nvidia-ai-blueprints/vss/vss-agent:develop-latest
deploy/docker/services/alert/compose.yml ghcr.io/nvidia-ai-blueprints/vss/vss-alert-ms:develop-latest
deploy/docker/services/analytics/behavior-analytics/compose.yml ghcr.io/nvidia-ai-blueprints/vss/vss-behavior-analytics:develop-latest
deploy/docker/services/analytics/video-analytics-api/compose.yml ghcr.io/nvidia-ai-blueprints/vss/vss-video-analytics-api:develop-latest
deploy/docker/services/auto-calibration/ms/compose.yml nvcr.io/nvstaging/vss-core/vss-auto-calibration:3.3.0-5
deploy/docker/services/auto-calibration/ui/compose.yml nvcr.io/nvstaging/vss-core/vss-auto-calibration-ui:3.3.0-5
deploy/docker/services/configurators/vss-configurator/docker-compose.yaml ghcr.io/nvidia-ai-blueprints/vss/vss-configurator:develop-latest
deploy/docker/services/infra/compose.yml alpine:3.24.1
deploy/docker/services/infra/compose.yml arizephoenix/phoenix:19.8.0
deploy/docker/services/infra/compose.yml confluentinc/cp-kafka:8.3.0
deploy/docker/services/infra/compose.yml coturn/coturn:4.14.0
deploy/docker/services/infra/compose.yml docker.elastic.co/kibana/kibana:9.4.4
deploy/docker/services/infra/compose.yml docker.elastic.co/logstash/logstash:9.4.4
deploy/docker/services/infra/compose.yml eclipse-mosquitto:2
deploy/docker/services/infra/compose.yml elasticsearch
deploy/docker/services/infra/compose.yml redis:8.10.0-alpine
deploy/docker/services/infra/compose.yml vss-kafka-topic-init
deploy/docker/services/infra/haproxy/compose.yml docker.io/library/haproxy:3.4.2-alpine
deploy/docker/services/infra/sdrc/docker-compose.yaml alpine:3.24.1
deploy/docker/services/infra/sdrc/docker-compose.yaml alpine:3.24.1
deploy/docker/services/infra/sdrc/docker-compose.yaml alpine:3.24.1
deploy/docker/services/infra/sdrc/docker-compose.yaml ghcr.io/nvidia-ai-blueprints/vss/sdr-mw-l:develop-latest
deploy/docker/services/infra/sdrc/docker-compose.yaml redis:8.10.0-alpine
deploy/docker/services/monitoring/compose.yml docker.io/grafana/grafana:13.1.1-ubuntu
deploy/docker/services/monitoring/compose.yml docker.io/jaegertracing/all-in-one:1.76.0
deploy/docker/services/monitoring/compose.yml docker.io/nvidia/dcgm-exporter:3.3.6-3.4.2-ubuntu22.04
deploy/docker/services/monitoring/compose.yml docker.io/otel/opentelemetry-collector-contrib:0.137.0
deploy/docker/services/monitoring/compose.yml ghcr.io/google/cadvisor:0.60.5
deploy/docker/services/monitoring/compose.yml quay.io/prometheus/node-exporter:v1.12.1
deploy/docker/services/monitoring/compose.yml quay.io/prometheus/prometheus:v3.13.1
deploy/docker/services/nim/cosmos3-reasoner/compose.yml nvcr.io/nim/nvidia/cosmos3-reasoner:1.7
deploy/docker/services/nim/cosmos3-reasoner/compose.yml nvcr.io/nim/nvidia/cosmos3-reasoner:1.7
deploy/docker/services/nim/nemotron-3.5-lightning-30b-a3b/compose.yml alpine:3.24.1
deploy/docker/services/nim/nemotron-3.5-lightning-30b-a3b/compose.yml nvcr.io/nim/nvidia/nemotron-3.5-lightning-30b-a3b:2.0.9-variant
deploy/docker/services/nim/nemotron-3.5-lightning-30b-a3b/compose.yml nvcr.io/nim/nvidia/nemotron-3.5-lightning-30b-a3b:2.0.9-variant
deploy/docker/services/nim/nvidia-nemotron-nano-9b-v2-fp8/compose.yml docker.io/alpine/curl:8.21.0
deploy/docker/services/nim/nvidia-nemotron-nano-9b-v2-fp8/compose.yml nvcr.io/nvidia/vllm:26.07-py3
deploy/docker/services/nim/nvidia-nemotron-nano-9b-v2-fp8/compose.yml nvcr.io/nvidia/vllm:26.07-py3
deploy/docker/services/nvstreamer/base.yml ghcr.io/nvidia-ai-blueprints/vss/vss-vios-nvstreamer:develop-latest
deploy/docker/services/rtvi/rtvi-cv/compose.yaml ghcr.io/nvidia-ai-blueprints/vss/vss-rt-cv:develop-latest
deploy/docker/services/rtvi/rtvi-cv/rtvi-cv-mv3dt/compose.yaml ghcr.io/nvidia-ai-blueprints/vss/vss-rt-cv-mv3dt-bev-fusion:develop-latest
deploy/docker/services/rtvi/rtvi-cv/rtvi-cv-mv3dt/compose.yaml ghcr.io/nvidia-ai-blueprints/vss/vss-rt-cv-mv3dt-config-init:develop-latest
deploy/docker/services/rtvi/rtvi-cv/rtvi-cv-mv3dt/compose.yaml ghcr.io/nvidia-ai-blueprints/vss/vss-rt-cv:develop-latest
deploy/docker/services/rtvi/rtvi-embed/rtvi-embed-docker-compose.yml ghcr.io/nvidia-ai-blueprints/vss/vss-rt-embed:develop-latest
deploy/docker/services/rtvi/rtvi-vlm/rtvi-vlm-docker-compose.yml ghcr.io/nvidia-ai-blueprints/vss/vss-rt-vlm:develop-latest
deploy/docker/services/ui/compose.yml ghcr.io/nvidia-ai-blueprints/vss/vss-agent-ui:develop-latest
deploy/docker/services/video-summarization/compose.yml ghcr.io/nvidia-ai-blueprints/vss/vss-video-summarization:develop-latest
deploy/docker/services/vios/foundational/docker-compose.yaml ${POSTGRES_IMAGE}
deploy/docker/services/vios/foundational/docker-compose.yaml ghcr.io/nvidia-ai-blueprints/vss/vss-vios-ingress:develop-latest
deploy/docker/services/vios/initiator/docker-compose.yaml busybox:1.37.0
deploy/docker/services/vios/initiator/docker-compose.yaml ghcr.io/nvidia-ai-blueprints/vss/vss-vios-sensor:develop-latest
deploy/docker/services/vios/initiator/docker-compose.yaml ghcr.io/nvidia-ai-blueprints/vss/vss-vios-sensor:develop-latest
deploy/docker/services/vios/initiator/docker-compose.yaml ghcr.io/nvidia-ai-blueprints/vss/vss-vios-sensor:develop-latest
deploy/docker/services/vios/initiator/docker-compose.yaml ghcr.io/nvidia-ai-blueprints/vss/vss-vios-sensor:develop-latest
deploy/docker/services/vios/streamprocessing/docker-compose.prebaked.yaml vss-vios-streamprocessing-prebaked:develop-latest
deploy/docker/services/vios/streamprocessing/docker-compose.prebaked.yaml vss-vios-streamprocessing-prebaked:develop-latest
deploy/docker/services/vios/streamprocessing/docker-compose.prebaked.yaml vss-vios-streamprocessing-prebaked:develop-latest
deploy/docker/services/vios/streamprocessing/docker-compose.prebaked.yaml vss-vios-streamprocessing-prebaked:develop-latest
deploy/docker/services/vios/streamprocessing/docker-compose.yaml ghcr.io/nvidia-ai-blueprints/vss/vss-vios-streamprocessing:develop-latest
deploy/docker/services/vios/streamprocessing/docker-compose.yaml ghcr.io/nvidia-ai-blueprints/vss/vss-vios-streamprocessing:develop-latest
deploy/docker/services/vios/streamprocessing/docker-compose.yaml ghcr.io/nvidia-ai-blueprints/vss/vss-vios-streamprocessing:develop-latest
deploy/docker/services/vios/streamprocessing/docker-compose.yaml ghcr.io/nvidia-ai-blueprints/vss/vss-vios-streamprocessing:develop-latest
deploy/docker/services/vios/streamprocessing/docker-compose.yaml ghcr.io/nvidia-ai-blueprints/vss/vss-vios-streamprocessing:develop-latest
